[2026-07-28 11:23:25] TO: Ahad <aarav.sharma@university.edu> | SUBJECT: Interview Cancelled - HR Round
BODY:

        <!DOCTYPE html>
        <html>
        <head>
          <meta charset='UTF-8'>
          <title>Interview Cancelled</title>
          <style>
            body { font-family: 'Segoe UI', Tahoma, Geneva, Verdana, sans-serif; background-color: #F8FAFC; color: #0F172A; margin: 0; padding: 0; }
            .container { max-width: 600px; margin: 40px auto; background-color: #FFFFFF; border: 1px solid #E2E8F0; border-radius: 12px; padding: 40px; box-shadow: 0 4px 6px -1px rgba(0, 0, 0, 0.1); }
            .header { text-align: center; margin-bottom: 30px; border-bottom: 2px solid #E2E8F0; padding-bottom: 20px; }
            .logo { font-size: 24px; font-weight: bold; color: #EF4444; text-decoration: none; }
            .title { font-size: 20px; font-weight: bold; color: #0F172A; margin-top: 10px; }
            .content { line-height: 1.6; color: #475569; font-size: 15px; }
            .details-box { background-color: #FEF2F2; border: 1px solid #FCA5A5; color: #991B1B; border-radius: 8px; padding: 20px; margin: 20px 0; }
            .details-row { margin-bottom: 10px; font-size: 14px; color: #991B1B; }
            .details-row strong { color: #991B1B; }
            .footer { text-align: center; margin-top: 40px; font-size: 12px; color: #64748B; border-top: 1px solid #E2E8F0; padding-top: 20px; }
          </style>
        </head>
        <body>
          <div class='container'>
            <div class='header'>
              <span class='logo'>Campus Recruitment</span>
              <div class='title' style='color:#EF4444;'>Interview Cancelled</div>
            </div>
            <div class='content'>
              <p>Dear Ahad,</p>
              <p>We regret to inform you that your scheduled interview has been cancelled. Details of the cancelled round:</p>
              <div class='details-box'>
                <div class='details-row'><strong>Round:</strong> HR Round</div>
                <div class='details-row'><strong>Date:</strong> 2026-08-15</div>
                <div class='details-row'><strong>Time:</strong> 10:00:00</div>
              </div>
              <p>If you have any questions or require rescheduling, please contact your TPO cell or the company coordinator.</p>
            </div>
            <div class='footer'>
              This is an automated email from the Campus Recruitment Management System.
            </div>
          </div>
        </body>
        </html>
      
--------------------------------------------------------------------------------
[2026-07-31 06:40:38] [ERROR: SMTP Error: Could not connect to SMTP host. Connection failed. stream_socket_enable_crypto(): SSL: Handshake timed out] TO: jethalal <bharat@123gmail.com> | SUBJECT: Your Recruiter Account Approved - Campus Recruitment
BODY:

    <!DOCTYPE html>
    <html>
    <head>
      <meta charset='UTF-8'>
      <title>Account Approved</title>
      <style>
        body { font-family: 'Segoe UI', Tahoma, Geneva, Verdana, sans-serif; background-color: #0F172A; color: #F8FAFC; margin: 0; padding: 0; }
        .container { max-width: 600px; margin: 40px auto; background-color: #1E293B; border: 1px solid rgba(255,255,255,0.08); border-radius: 12px; padding: 40px; box-shadow: 0 10px 25px rgba(0,0,0,0.3); }
        .header { text-align: center; margin-bottom: 30px; }
        .logo { font-size: 24px; font-weight: bold; color: #3B82F6; text-decoration: none; }
        .title { font-size: 20px; font-weight: bold; color: #FFFFFF; margin-top: 20px; }
        .content { line-height: 1.6; color: #94A3B8; font-size: 15px; }
        .btn-container { text-align: center; margin: 35px 0; }
        .btn { background-color: #3B82F6; color: #FFFFFF !important; padding: 12px 30px; border-radius: 6px; text-decoration: none; font-weight: bold; font-size: 15px; display: inline-block; box-shadow: 0 4px 12px rgba(59,130,246,0.3); transition: all 0.2s ease; }
        .footer { text-align: center; margin-top: 40px; font-size: 12px; color: #64748B; border-top: 1px solid rgba(255,255,255,0.08); padding-top: 20px; }
      </style>
    </head>
    <body>
      <div class='container'>
        <div class='header'>
          <a href='#' class='logo'>Campus Recruitment</a>
          <div class='title'>Account Verification Successful</div>
        </div>
        <div class='content'>
          <p>Hello jethalal,</p>
          <p>We are pleased to inform you that your registration as a <strong>Recruiter</strong> has been verified and approved by the Training & Placement Cell.</p>
          <p>You can now log in to the portal using your registered email address to post new recruitment campaigns, define CGPA cutoffs, view student applications, and manage interview rounds.</p>
          <div class='btn-container'>
            <a href='http://localhost/internship%20project/intership-project/intership%20project/' target='_blank' class='btn'>Log In to Portal</a>
          </div>
          <p>If you have any questions or require further assistance, please contact the TPO Support Cell.</p>
        </div>
        <div class='footer'>
          <p>This is an automated notification. Please do not reply directly to this email.</p>
        </div>
      </div>
    </body>
    </html>
  
--------------------------------------------------------------------------------
[2026-07-31 08:21:00] [ERROR: SMTP Error: Could not connect to SMTP host. Called STARTTLS without being connected] TO: Rahul sharma <projectahad201@gmail.com> | SUBJECT: Your Student Profile Approved - Campus Recruitment
BODY:

    <!DOCTYPE html>
    <html>
    <head>
      <meta charset='UTF-8'>
      <title>Account Approved</title>
      <style>
        body { font-family: 'Segoe UI', Tahoma, Geneva, Verdana, sans-serif; background-color: #0F172A; color: #F8FAFC; margin: 0; padding: 0; }
        .container { max-width: 600px; margin: 40px auto; background-color: #1E293B; border: 1px solid rgba(255,255,255,0.08); border-radius: 12px; padding: 40px; box-shadow: 0 10px 25px rgba(0,0,0,0.3); }
        .header { text-align: center; margin-bottom: 30px; }
        .logo { font-size: 24px; font-weight: bold; color: #3B82F6; text-decoration: none; }
        .title { font-size: 20px; font-weight: bold; color: #FFFFFF; margin-top: 20px; }
        .content { line-height: 1.6; color: #94A3B8; font-size: 15px; }
        .btn-container { text-align: center; margin: 35px 0; }
        .btn { background-color: #3B82F6; color: #FFFFFF !important; padding: 12px 30px; border-radius: 6px; text-decoration: none; font-weight: bold; font-size: 15px; display: inline-block; box-shadow: 0 4px 12px rgba(59,130,246,0.3); transition: all 0.2s ease; }
        .footer { text-align: center; margin-top: 40px; font-size: 12px; color: #64748B; border-top: 1px solid rgba(255,255,255,0.08); padding-top: 20px; }
      </style>
    </head>
    <body>
      <div class='container'>
        <div class='header'>
          <a href='#' class='logo'>Campus Recruitment</a>
          <div class='title'>Account Verification Successful</div>
        </div>
        <div class='content'>
          <p>Hello Rahul sharma,</p>
          <p>We are pleased to inform you that your registration as a <strong>Student</strong> has been verified and approved by the Training & Placement Cell.</p>
          <p>You can now log in to the portal using your registered email address to browse open placement drives, apply to companies, take aptitude tests, and track your interview rounds.</p>
          <div class='btn-container'>
            <a href='http://localhost/internship%20project/intership-project/intership%20project/' target='_blank' class='btn'>Log In to Portal</a>
          </div>
          <p>If you have any questions or require further assistance, please contact the TPO Support Cell.</p>
        </div>
        <div class='footer'>
          <p>This is an automated notification. Please do not reply directly to this email.</p>
        </div>
      </div>
    </body>
    </html>
  
--------------------------------------------------------------------------------
